
> over-match@1.0.0 train
> node scripts/train-hero-classifier.js

Using @tensorflow/tfjs (CPU fallback)
Initializing MobileNet...

============================
Hi, looks like you are running TensorFlow.js in Node.js. To speed things up dramatically, install our node backend, visit https://github.com/tensorflow/tfjs-node for more details. 
============================
Loading training data...
Loading hero icons...
Heroes directory: C:\Users\Justin\Documents\Code\over-matched\public\heroes
Resolved path: C:\Users\Justin\Documents\Code\over-matched\public\heroes
Loading ana (Icon-Ana.webp)...
Loading ashe (Icon-Ashe.webp)...
Loading baptiste (Icon-Baptiste.png)...
Loading bastion (Icon-Bastion.webp)...
Loading brigitte (Icon-Brigitte.webp)...
Loading cassidy (Icon-Cassidy.webp)...
Loading doomfist (Icon-Doomfist.webp)...
Loading dva (Icon-DVa.webp)...
Loading echo (Icon-Echo.webp)...
Loading freja (Icon-Freja.webp)...
Loading genji (Icon-Genji.webp)...
Loading hanzo (Icon-Hanzo.webp)...
Loading hazard (Icon-Hazard.webp)...
Loading illari (Icon-Illari.webp)...
Loading junkrat (Icon-Junkrat.webp)...
Loading juno (Icon-Juno.webp)...
Loading kiriko (Icon-kiriko.webp)...
Loading lifeweaver (Icon-Lifeweaver.webp)...
Loading lucio (Icon-Lúcio.png)...
Loading mei (Icon-Mei.webp)...
Loading mercy (Icon-Mercy.png)...
Loading moira (Icon-Moira.webp)...
Loading orisa (Icon-Orisa.webp)...
Loading pharah (Icon-Pharah.webp)...
Loading ramattra (Icon-Ramattra.webp)...
Loading reaper (Icon-Reaper.webp)...
Loading reinhardt (Icon-Reinhardt.webp)...
Loading roadhog (Icon-Roadhog.webp)...
Loading sigma (Icon-Sigma.webp)...
Loading sojourn (Icon-Sojourn.webp)...
Loading soldier-76 (Icon-Soldier_76.webp)...
Loading sombra (Icon-Sombra.webp)...
Loading symmetra (Icon-Symmetra.webp)...
Loading torbjorn (Icon-Torbj%3Frn.webp)...
Loading tracer (Icon-Tracer.webp)...
Loading venture (Icon-Venture.webp)...
Loading widowmaker (Icon-Widowmaker.webp)...
Loading winston (Icon-Winston.webp)...
Loading wrecking-ball (Icon-Wrecking_Ball.webp)...
Loading wuyang (Icon-Wuyang.webp)...
Loading zarya (Icon-Zarya.webp)...
Loading zenyatta (Icon-Zenyatta.webp)...
Loading junker-queen (junker_queen.webp)...
Loading mauga (mauga.webp)...
Loaded 660 training samples for 44 heroes
Creating model for 44 classes...
Extracting features with MobileNet...
Processing batch 0-20/660...
Processing batch 20-40/660...
Processing batch 40-60/660...
Processing batch 60-80/660...
Processing batch 80-100/660...
Processing batch 100-120/660...
Processing batch 120-140/660...
Processing batch 140-160/660...
Processing batch 160-180/660...
Processing batch 180-200/660...
Processing batch 200-220/660...
Processing batch 220-240/660...
Processing batch 240-260/660...
Processing batch 260-280/660...
Processing batch 280-300/660...
Processing batch 300-320/660...
Processing batch 320-340/660...
Processing batch 340-360/660...
Processing batch 360-380/660...
Processing batch 380-400/660...
Processing batch 400-420/660...
Processing batch 420-440/660...
Processing batch 440-460/660...
Processing batch 460-480/660...
Processing batch 480-500/660...
Processing batch 500-520/660...
Processing batch 520-540/660...
Processing batch 540-560/660...
Processing batch 560-580/660...
Processing batch 580-600/660...
Processing batch 600-620/660...
Processing batch 620-640/660...
Processing batch 640-660/660...
Feature dimension: 1280
Training model...
Epoch 1/100 - loss: 4.2525, acc: 0.0285, val_loss: 4.1975, val_acc: 0.0000, lr: 0.000500
Epoch 2/100 - loss: 4.0821, acc: 0.0357, val_loss: 4.4260, val_acc: 0.0000, lr: 0.000500
Epoch 3/100 - loss: 4.0007, acc: 0.0232, val_loss: 4.5595, val_acc: 0.0000, lr: 0.000500
Epoch 4/100 - loss: 3.9529, acc: 0.0339, val_loss: 4.7040, val_acc: 0.0000, lr: 0.000500
Epoch 5/100 - loss: 3.9018, acc: 0.0267, val_loss: 4.8076, val_acc: 0.0000, lr: 0.000500
Epoch 6/100 - loss: 3.8829, acc: 0.0250, val_loss: 4.8985, val_acc: 0.0000, lr: 0.000500
Epoch 7/100 - loss: 3.8646, acc: 0.0232, val_loss: 5.0659, val_acc: 0.0000, lr: 0.000500
Epoch 8/100 - loss: 3.8514, acc: 0.0196, val_loss: 5.0842, val_acc: 0.0000, lr: 0.000500
Epoch 9/100 - loss: 3.8237, acc: 0.0267, val_loss: 5.1204, val_acc: 0.0000, lr: 0.000500
Epoch 10/100 - loss: 3.8102, acc: 0.0392, val_loss: 5.3644, val_acc: 0.0000, lr: 0.000500
  → Learning rate reduced to 0.000250
Epoch 11/100 - loss: 3.8144, acc: 0.0196, val_loss: 5.3706, val_acc: 0.0000, lr: 0.000250
Epoch 12/100 - loss: 3.7971, acc: 0.0267, val_loss: 5.3488, val_acc: 0.0000, lr: 0.000250
Epoch 13/100 - loss: 3.7907, acc: 0.0250, val_loss: 5.4637, val_acc: 0.0000, lr: 0.000250
Epoch 14/100 - loss: 3.7821, acc: 0.0267, val_loss: 5.4768, val_acc: 0.0000, lr: 0.000250
Epoch 15/100 - loss: 3.7764, acc: 0.0303, val_loss: 5.5914, val_acc: 0.0000, lr: 0.000250
Epoch 16/100 - loss: 3.7729, acc: 0.0321, val_loss: 5.6211, val_acc: 0.0000, lr: 0.000250
Epoch 17/100 - loss: 3.7539, acc: 0.0374, val_loss: 5.8178, val_acc: 0.0000, lr: 0.000250
Epoch 18/100 - loss: 3.7785, acc: 0.0232, val_loss: 5.7781, val_acc: 0.0000, lr: 0.000250
Epoch 19/100 - loss: 3.7625, acc: 0.0196, val_loss: 5.7876, val_acc: 0.0000, lr: 0.000250
Epoch 20/100 - loss: 3.7551, acc: 0.0357, val_loss: 5.7637, val_acc: 0.0000, lr: 0.000250
  → Learning rate reduced to 0.000125
Epoch 21/100 - loss: 3.7616, acc: 0.0232, val_loss: 5.7781, val_acc: 0.0000, lr: 0.000125
Epoch 22/100 - loss: 3.7594, acc: 0.0303, val_loss: 5.7201, val_acc: 0.0000, lr: 0.000125
Epoch 23/100 - loss: 3.7543, acc: 0.0303, val_loss: 5.8181, val_acc: 0.0000, lr: 0.000125
Epoch 24/100 - loss: 3.7514, acc: 0.0357, val_loss: 5.8554, val_acc: 0.0000, lr: 0.000125
Epoch 25/100 - loss: 3.7487, acc: 0.0196, val_loss: 5.8252, val_acc: 0.0000, lr: 0.000125
Epoch 26/100 - loss: 3.7383, acc: 0.0285, val_loss: 5.8891, val_acc: 0.0000, lr: 0.000125
Epoch 27/100 - loss: 3.7389, acc: 0.0285, val_loss: 5.9768, val_acc: 0.0000, lr: 0.000125
Epoch 28/100 - loss: 3.7450, acc: 0.0232, val_loss: 5.9676, val_acc: 0.0000, lr: 0.000125
Epoch 29/100 - loss: 3.7399, acc: 0.0285, val_loss: 5.9822, val_acc: 0.0000, lr: 0.000125
Epoch 30/100 - loss: 3.7433, acc: 0.0392, val_loss: 5.9753, val_acc: 0.0000, lr: 0.000125
  → Learning rate reduced to 0.000063
Epoch 31/100 - loss: 3.7304, acc: 0.0446, val_loss: 5.9988, val_acc: 0.0000, lr: 0.000063
Epoch 32/100 - loss: 3.7309, acc: 0.0339, val_loss: 6.0319, val_acc: 0.0000, lr: 0.000063
Epoch 33/100 - loss: 3.7370, acc: 0.0357, val_loss: 6.0497, val_acc: 0.0000, lr: 0.000063
Epoch 34/100 - loss: 3.7480, acc: 0.0339, val_loss: 5.9967, val_acc: 0.0000, lr: 0.000063
Epoch 35/100 - loss: 3.7262, acc: 0.0285, val_loss: 6.0119, val_acc: 0.0000, lr: 0.000063
Epoch 36/100 - loss: 3.7267, acc: 0.0392, val_loss: 6.0570, val_acc: 0.0000, lr: 0.000063
Epoch 37/100 - loss: 3.7230, acc: 0.0321, val_loss: 6.0844, val_acc: 0.0000, lr: 0.000063
Epoch 38/100 - loss: 3.7309, acc: 0.0321, val_loss: 6.0987, val_acc: 0.0000, lr: 0.000063
Epoch 39/100 - loss: 3.7305, acc: 0.0321, val_loss: 6.1090, val_acc: 0.0000, lr: 0.000063
Epoch 40/100 - loss: 3.7386, acc: 0.0303, val_loss: 6.0889, val_acc: 0.0000, lr: 0.000063
  → Learning rate reduced to 0.000031
Epoch 41/100 - loss: 3.7336, acc: 0.0250, val_loss: 6.0750, val_acc: 0.0000, lr: 0.000031
Epoch 42/100 - loss: 3.7378, acc: 0.0214, val_loss: 6.0658, val_acc: 0.0000, lr: 0.000031
Epoch 43/100 - loss: 3.7193, acc: 0.0392, val_loss: 6.0857, val_acc: 0.0000, lr: 0.000031
Epoch 44/100 - loss: 3.7231, acc: 0.0303, val_loss: 6.0900, val_acc: 0.0000, lr: 0.000031
Epoch 45/100 - loss: 3.7203, acc: 0.0196, val_loss: 6.0960, val_acc: 0.0000, lr: 0.000031
Epoch 46/100 - loss: 3.7192, acc: 0.0303, val_loss: 6.1397, val_acc: 0.0000, lr: 0.000031
Epoch 47/100 - loss: 3.7349, acc: 0.0303, val_loss: 6.1419, val_acc: 0.0000, lr: 0.000031
Epoch 48/100 - loss: 3.7341, acc: 0.0285, val_loss: 6.1381, val_acc: 0.0000, lr: 0.000031
Epoch 49/100 - loss: 3.7303, acc: 0.0339, val_loss: 6.1434, val_acc: 0.0000, lr: 0.000031
Epoch 50/100 - loss: 3.7376, acc: 0.0374, val_loss: 6.0988, val_acc: 0.0000, lr: 0.000031
  → Learning rate reduced to 0.000016
Epoch 51/100 - loss: 3.7300, acc: 0.0321, val_loss: 6.0938, val_acc: 0.0000, lr: 0.000016
Epoch 52/100 - loss: 3.7221, acc: 0.0392, val_loss: 6.0915, val_acc: 0.0000, lr: 0.000016
Epoch 53/100 - loss: 3.7275, acc: 0.0303, val_loss: 6.0978, val_acc: 0.0000, lr: 0.000016
Epoch 54/100 - loss: 3.7222, acc: 0.0339, val_loss: 6.1064, val_acc: 0.0000, lr: 0.000016
Epoch 55/100 - loss: 3.7179, acc: 0.0392, val_loss: 6.1186, val_acc: 0.0000, lr: 0.000016
Epoch 56/100 - loss: 3.7360, acc: 0.0321, val_loss: 6.1130, val_acc: 0.0000, lr: 0.000016
Epoch 57/100 - loss: 3.7137, acc: 0.0392, val_loss: 6.1187, val_acc: 0.0000, lr: 0.000016
Epoch 58/100 - loss: 3.7333, acc: 0.0303, val_loss: 6.1209, val_acc: 0.0000, lr: 0.000016
Epoch 59/100 - loss: 3.7185, acc: 0.0285, val_loss: 6.1248, val_acc: 0.0000, lr: 0.000016
Epoch 60/100 - loss: 3.7351, acc: 0.0267, val_loss: 6.1174, val_acc: 0.0000, lr: 0.000016
  → Learning rate reduced to 0.000008
Epoch 61/100 - loss: 3.7149, acc: 0.0339, val_loss: 6.1220, val_acc: 0.0000, lr: 0.000008
Epoch 62/100 - loss: 3.7195, acc: 0.0392, val_loss: 6.1285, val_acc: 0.0000, lr: 0.000008
Epoch 63/100 - loss: 3.7226, acc: 0.0285, val_loss: 6.1293, val_acc: 0.0000, lr: 0.000008
Epoch 64/100 - loss: 3.7173, acc: 0.0285, val_loss: 6.1293, val_acc: 0.0000, lr: 0.000008
Epoch 65/100 - loss: 3.7227, acc: 0.0339, val_loss: 6.1342, val_acc: 0.0000, lr: 0.000008
Epoch 66/100 - loss: 3.7217, acc: 0.0374, val_loss: 6.1372, val_acc: 0.0000, lr: 0.000008
Epoch 67/100 - loss: 3.7248, acc: 0.0285, val_loss: 6.1358, val_acc: 0.0000, lr: 0.000008
Epoch 68/100 - loss: 3.7259, acc: 0.0392, val_loss: 6.1367, val_acc: 0.0000, lr: 0.000008
Epoch 69/100 - loss: 3.7120, acc: 0.0463, val_loss: 6.1383, val_acc: 0.0000, lr: 0.000008
Epoch 70/100 - loss: 3.7295, acc: 0.0357, val_loss: 6.1396, val_acc: 0.0000, lr: 0.000008
  → Learning rate reduced to 0.000004
Epoch 71/100 - loss: 3.7356, acc: 0.0267, val_loss: 6.1367, val_acc: 0.0000, lr: 0.000004
Epoch 72/100 - loss: 3.7262, acc: 0.0267, val_loss: 6.1337, val_acc: 0.0000, lr: 0.000004
Epoch 73/100 - loss: 3.7174, acc: 0.0392, val_loss: 6.1335, val_acc: 0.0000, lr: 0.000004
Epoch 74/100 - loss: 3.7197, acc: 0.0357, val_loss: 6.1358, val_acc: 0.0000, lr: 0.000004
Epoch 75/100 - loss: 3.7222, acc: 0.0463, val_loss: 6.1368, val_acc: 0.0000, lr: 0.000004
Epoch 76/100 - loss: 3.7235, acc: 0.0196, val_loss: 6.1366, val_acc: 0.0000, lr: 0.000004
Epoch 77/100 - loss: 3.7209, acc: 0.0321, val_loss: 6.1359, val_acc: 0.0000, lr: 0.000004
Epoch 78/100 - loss: 3.7207, acc: 0.0374, val_loss: 6.1369, val_acc: 0.0000, lr: 0.000004
Epoch 79/100 - loss: 3.7062, acc: 0.0499, val_loss: 6.1380, val_acc: 0.0000, lr: 0.000004
Epoch 80/100 - loss: 3.7181, acc: 0.0232, val_loss: 6.1400, val_acc: 0.0000, lr: 0.000004
  → Learning rate reduced to 0.000002
Epoch 81/100 - loss: 3.7314, acc: 0.0357, val_loss: 6.1396, val_acc: 0.0000, lr: 0.000002
Epoch 82/100 - loss: 3.7290, acc: 0.0339, val_loss: 6.1384, val_acc: 0.0000, lr: 0.000002
Epoch 83/100 - loss: 3.7256, acc: 0.0410, val_loss: 6.1390, val_acc: 0.0000, lr: 0.000002
Epoch 84/100 - loss: 3.7212, acc: 0.0250, val_loss: 6.1394, val_acc: 0.0000, lr: 0.000002
Epoch 85/100 - loss: 3.7139, acc: 0.0446, val_loss: 6.1393, val_acc: 0.0000, lr: 0.000002
Epoch 86/100 - loss: 3.7227, acc: 0.0357, val_loss: 6.1395, val_acc: 0.0000, lr: 0.000002
Epoch 87/100 - loss: 3.7218, acc: 0.0321, val_loss: 6.1391, val_acc: 0.0000, lr: 0.000002
Epoch 88/100 - loss: 3.7155, acc: 0.0303, val_loss: 6.1399, val_acc: 0.0000, lr: 0.000002
Epoch 89/100 - loss: 3.7295, acc: 0.0428, val_loss: 6.1400, val_acc: 0.0000, lr: 0.000002
Epoch 90/100 - loss: 3.7284, acc: 0.0374, val_loss: 6.1387, val_acc: 0.0000, lr: 0.000002
  → Learning rate reduced to 0.000001
Epoch 91/100 - loss: 3.7190, acc: 0.0392, val_loss: 6.1390, val_acc: 0.0000, lr: 0.000001
Epoch 92/100 - loss: 3.7232, acc: 0.0321, val_loss: 6.1392, val_acc: 0.0000, lr: 0.000001
Epoch 93/100 - loss: 3.7351, acc: 0.0357, val_loss: 6.1380, val_acc: 0.0000, lr: 0.000001
Epoch 94/100 - loss: 3.7236, acc: 0.0267, val_loss: 6.1378, val_acc: 0.0000, lr: 0.000001
Epoch 95/100 - loss: 3.7133, acc: 0.0285, val_loss: 6.1377, val_acc: 0.0000, lr: 0.000001
Epoch 96/100 - loss: 3.7182, acc: 0.0196, val_loss: 6.1376, val_acc: 0.0000, lr: 0.000001
Epoch 97/100 - loss: 3.7145, acc: 0.0392, val_loss: 6.1378, val_acc: 0.0000, lr: 0.000001
Epoch 98/100 - loss: 3.7147, acc: 0.0410, val_loss: 6.1382, val_acc: 0.0000, lr: 0.000001
Epoch 99/100 - loss: 3.7066, acc: 0.0446, val_loss: 6.1395, val_acc: 0.0000, lr: 0.000001
Epoch 100/100 - loss: 3.7189, acc: 0.0303, val_loss: 6.1402, val_acc: 0.0000, lr: 0.000001
  → Learning rate reduced to 0.000000
Saving model...
Training complete!
Model saved to: C:\Users\Justin\Documents\Code\over-matched\public\models\hero-classifier
